src/arch/dwm1001/boot/thirdparty/newlib/_syscalls.c:56:1:__initialize_args	0	static
/usr/arm-none-eabi/include/signal.h:29:5:raise	8	static
/usr/arm-none-eabi/include/sys/signal.h:176:5:kill	8	static
src/arch/dwm1001/boot/thirdparty/newlib/_syscalls.c:180:1:_chown	8	static
src/arch/dwm1001/boot/thirdparty/newlib/_syscalls.c:188:1:_close	8	static
src/arch/dwm1001/boot/thirdparty/newlib/_syscalls.c:195:1:_execve	8	static
src/arch/dwm1001/boot/thirdparty/newlib/_syscalls.c:203:1:_fork	8	static
src/arch/dwm1001/boot/thirdparty/newlib/_syscalls.c:210:1:_fstat	8	static
src/arch/dwm1001/boot/thirdparty/newlib/_syscalls.c:218:1:_getpid	0	static
src/arch/dwm1001/boot/thirdparty/newlib/_syscalls.c:225:1:_gettimeofday	8	static
src/arch/dwm1001/boot/thirdparty/newlib/_syscalls.c:233:1:_isatty	8	static
src/arch/dwm1001/boot/thirdparty/newlib/_syscalls.c:240:1:_kill	8	static
src/arch/dwm1001/boot/thirdparty/newlib/_syscalls.c:247:1:_link	8	static
src/arch/dwm1001/boot/thirdparty/newlib/_syscalls.c:255:1:_lseek	8	static
src/arch/dwm1001/boot/thirdparty/newlib/_syscalls.c:263:1:_open	8	static
src/arch/dwm1001/boot/thirdparty/newlib/_syscalls.c:271:1:_read	8	static
src/arch/dwm1001/boot/thirdparty/newlib/_syscalls.c:279:1:_readlink	8	static
src/arch/dwm1001/boot/thirdparty/newlib/_syscalls.c:287:1:_stat	8	static
src/arch/dwm1001/boot/thirdparty/newlib/_syscalls.c:295:1:_symlink	8	static
src/arch/dwm1001/boot/thirdparty/newlib/_syscalls.c:303:1:_times	8	static
src/arch/dwm1001/boot/thirdparty/newlib/_syscalls.c:310:1:_unlink	8	static
src/arch/dwm1001/boot/thirdparty/newlib/_syscalls.c:317:1:_wait	8	static
src/arch/dwm1001/boot/thirdparty/newlib/_syscalls.c:324:1:_write	8	static
